16:39:35 **** Build of configuration Debug for project sampler_app ****
make all 
Building file: ../src/adsr_core.cpp
Invoking: MicroBlaze g++ compiler
mb-g++ -Wall -O0 -g3 -c -fmessage-length=0 -MT"src/adsr_core.o" -I/home/connor/Documents/Programs/Vivado/4300/SHA-256-SoC/sampler_application/mcs_top_sampler/export/mcs_top_sampler/sw/mcs_top_sampler/standalone_domain/bspinclude/include -mno-xl-reorder -mlittle-endian -mcpu=v11.0 -mxl-soft-mul -Wl,--no-relax -ffunction-sections -fdata-sections -MMD -MP -MF"src/adsr_core.d" -MT"src/adsr_core.o" -o "src/adsr_core.o" "../src/adsr_core.cpp"
../src/adsr_core.cpp: In member function 'void AdsrCore::write_adsr_reg()':
../src/adsr_core.cpp:130:12: warning: comparison of integer expressions of different signedness: 'int' and 'unsigned int' [-Wsign-compare]
    if (ams == BYPASS_PATTERN) {
        ~~~~^~~~~~~~~~~~~~~~~
Finished building: ../src/adsr_core.cpp
 
Building file: ../src/chu_init.cpp
Invoking: MicroBlaze g++ compiler
mb-g++ -Wall -O0 -g3 -c -fmessage-length=0 -MT"src/chu_init.o" -I/home/connor/Documents/Programs/Vivado/4300/SHA-256-SoC/sampler_application/mcs_top_sampler/export/mcs_top_sampler/sw/mcs_top_sampler/standalone_domain/bspinclude/include -mno-xl-reorder -mlittle-endian -mcpu=v11.0 -mxl-soft-mul -Wl,--no-relax -ffunction-sections -fdata-sections -MMD -MP -MF"src/chu_init.d" -MT"src/chu_init.o" -o "src/chu_init.o" "../src/chu_init.cpp"
Finished building: ../src/chu_init.cpp
 
Building file: ../src/ddfs_core.cpp
Invoking: MicroBlaze g++ compiler
mb-g++ -Wall -O0 -g3 -c -fmessage-length=0 -MT"src/ddfs_core.o" -I/home/connor/Documents/Programs/Vivado/4300/SHA-256-SoC/sampler_application/mcs_top_sampler/export/mcs_top_sampler/sw/mcs_top_sampler/standalone_domain/bspinclude/include -mno-xl-reorder -mlittle-endian -mcpu=v11.0 -mxl-soft-mul -Wl,--no-relax -ffunction-sections -fdata-sections -MMD -MP -MF"src/ddfs_core.d" -MT"src/ddfs_core.o" -o "src/ddfs_core.o" "../src/ddfs_core.cpp"
Finished building: ../src/ddfs_core.cpp
 
Building file: ../src/gpio_cores.cpp
Invoking: MicroBlaze g++ compiler
mb-g++ -Wall -O0 -g3 -c -fmessage-length=0 -MT"src/gpio_cores.o" -I/home/connor/Documents/Programs/Vivado/4300/SHA-256-SoC/sampler_application/mcs_top_sampler/export/mcs_top_sampler/sw/mcs_top_sampler/standalone_domain/bspinclude/include -mno-xl-reorder -mlittle-endian -mcpu=v11.0 -mxl-soft-mul -Wl,--no-relax -ffunction-sections -fdata-sections -MMD -MP -MF"src/gpio_cores.d" -MT"src/gpio_cores.o" -o "src/gpio_cores.o" "../src/gpio_cores.cpp"
Finished building: ../src/gpio_cores.cpp
 
Building file: ../src/i2c_core.cpp
Invoking: MicroBlaze g++ compiler
mb-g++ -Wall -O0 -g3 -c -fmessage-length=0 -MT"src/i2c_core.o" -I/home/connor/Documents/Programs/Vivado/4300/SHA-256-SoC/sampler_application/mcs_top_sampler/export/mcs_top_sampler/sw/mcs_top_sampler/standalone_domain/bspinclude/include -mno-xl-reorder -mlittle-endian -mcpu=v11.0 -mxl-soft-mul -Wl,--no-relax -ffunction-sections -fdata-sections -MMD -MP -MF"src/i2c_core.d" -MT"src/i2c_core.o" -o "src/i2c_core.o" "../src/i2c_core.cpp"
Finished building: ../src/i2c_core.cpp
 
Building file: ../src/main_sampler_test.cpp
Invoking: MicroBlaze g++ compiler
mb-g++ -Wall -O0 -g3 -c -fmessage-length=0 -MT"src/main_sampler_test.o" -I/home/connor/Documents/Programs/Vivado/4300/SHA-256-SoC/sampler_application/mcs_top_sampler/export/mcs_top_sampler/sw/mcs_top_sampler/standalone_domain/bspinclude/include -mno-xl-reorder -mlittle-endian -mcpu=v11.0 -mxl-soft-mul -Wl,--no-relax -ffunction-sections -fdata-sections -MMD -MP -MF"src/main_sampler_test.d" -MT"src/main_sampler_test.o" -o "src/main_sampler_test.o" "../src/main_sampler_test.cpp"
../src/main_sampler_test.cpp: In function 'int main()':
../src/main_sampler_test.cpp:10:26: warning: unused variable 'str2' [-Wunused-variable]
     const volatile char* str2 = "0123456789ABCDEFGHIJKLMNOPQRSTUVWXYZzyxwvutsrqponmlkjihgfedcba9876543210";
                          ^~~~
Finished building: ../src/main_sampler_test.cpp
 
Building file: ../src/ps2_core.cpp
Invoking: MicroBlaze g++ compiler
mb-g++ -Wall -O0 -g3 -c -fmessage-length=0 -MT"src/ps2_core.o" -I/home/connor/Documents/Programs/Vivado/4300/SHA-256-SoC/sampler_application/mcs_top_sampler/export/mcs_top_sampler/sw/mcs_top_sampler/standalone_domain/bspinclude/include -mno-xl-reorder -mlittle-endian -mcpu=v11.0 -mxl-soft-mul -Wl,--no-relax -ffunction-sections -fdata-sections -MMD -MP -MF"src/ps2_core.d" -MT"src/ps2_core.o" -o "src/ps2_core.o" "../src/ps2_core.cpp"
Finished building: ../src/ps2_core.cpp
 
Building file: ../src/spi_core.cpp
Invoking: MicroBlaze g++ compiler
mb-g++ -Wall -O0 -g3 -c -fmessage-length=0 -MT"src/spi_core.o" -I/home/connor/Documents/Programs/Vivado/4300/SHA-256-SoC/sampler_application/mcs_top_sampler/export/mcs_top_sampler/sw/mcs_top_sampler/standalone_domain/bspinclude/include -mno-xl-reorder -mlittle-endian -mcpu=v11.0 -mxl-soft-mul -Wl,--no-relax -ffunction-sections -fdata-sections -MMD -MP -MF"src/spi_core.d" -MT"src/spi_core.o" -o "src/spi_core.o" "../src/spi_core.cpp"
Finished building: ../src/spi_core.cpp
 
Building file: ../src/sseg_core.cpp
Invoking: MicroBlaze g++ compiler
mb-g++ -Wall -O0 -g3 -c -fmessage-length=0 -MT"src/sseg_core.o" -I/home/connor/Documents/Programs/Vivado/4300/SHA-256-SoC/sampler_application/mcs_top_sampler/export/mcs_top_sampler/sw/mcs_top_sampler/standalone_domain/bspinclude/include -mno-xl-reorder -mlittle-endian -mcpu=v11.0 -mxl-soft-mul -Wl,--no-relax -ffunction-sections -fdata-sections -MMD -MP -MF"src/sseg_core.d" -MT"src/sseg_core.o" -o "src/sseg_core.o" "../src/sseg_core.cpp"
Finished building: ../src/sseg_core.cpp
 
Building file: ../src/timer_core.cpp
Invoking: MicroBlaze g++ compiler
mb-g++ -Wall -O0 -g3 -c -fmessage-length=0 -MT"src/timer_core.o" -I/home/connor/Documents/Programs/Vivado/4300/SHA-256-SoC/sampler_application/mcs_top_sampler/export/mcs_top_sampler/sw/mcs_top_sampler/standalone_domain/bspinclude/include -mno-xl-reorder -mlittle-endian -mcpu=v11.0 -mxl-soft-mul -Wl,--no-relax -ffunction-sections -fdata-sections -MMD -MP -MF"src/timer_core.d" -MT"src/timer_core.o" -o "src/timer_core.o" "../src/timer_core.cpp"
Finished building: ../src/timer_core.cpp
 
Building file: ../src/uart_core.cpp
Invoking: MicroBlaze g++ compiler
mb-g++ -Wall -O0 -g3 -c -fmessage-length=0 -MT"src/uart_core.o" -I/home/connor/Documents/Programs/Vivado/4300/SHA-256-SoC/sampler_application/mcs_top_sampler/export/mcs_top_sampler/sw/mcs_top_sampler/standalone_domain/bspinclude/include -mno-xl-reorder -mlittle-endian -mcpu=v11.0 -mxl-soft-mul -Wl,--no-relax -ffunction-sections -fdata-sections -MMD -MP -MF"src/uart_core.d" -MT"src/uart_core.o" -o "src/uart_core.o" "../src/uart_core.cpp"
Finished building: ../src/uart_core.cpp
 
Building file: ../src/xadc_core.cpp
Invoking: MicroBlaze g++ compiler
mb-g++ -Wall -O0 -g3 -c -fmessage-length=0 -MT"src/xadc_core.o" -I/home/connor/Documents/Programs/Vivado/4300/SHA-256-SoC/sampler_application/mcs_top_sampler/export/mcs_top_sampler/sw/mcs_top_sampler/standalone_domain/bspinclude/include -mno-xl-reorder -mlittle-endian -mcpu=v11.0 -mxl-soft-mul -Wl,--no-relax -ffunction-sections -fdata-sections -MMD -MP -MF"src/xadc_core.d" -MT"src/xadc_core.o" -o "src/xadc_core.o" "../src/xadc_core.cpp"
Finished building: ../src/xadc_core.cpp
 
Building target: sampler_app.elf
Invoking: MicroBlaze g++ linker
mb-g++ -Wl,-T -Wl,../src/lscript.ld -L/home/connor/Documents/Programs/Vivado/4300/SHA-256-SoC/sampler_application/mcs_top_sampler/export/mcs_top_sampler/sw/mcs_top_sampler/standalone_domain/bsplib/lib -mlittle-endian -mcpu=v11.0 -mxl-soft-mul -Wl,--no-relax -Wl,--gc-sections -o "sampler_app.elf"  ./src/adsr_core.o ./src/chu_init.o ./src/ddfs_core.o ./src/gpio_cores.o ./src/i2c_core.o ./src/main_sampler_test.o ./src/ps2_core.o ./src/spi_core.o ./src/sseg_core.o ./src/timer_core.o ./src/uart_core.o ./src/xadc_core.o   -Wl,--start-group,-lxil,-lgcc,-lc,-lstdc++,--end-group
Finished building target: sampler_app.elf
 
Invoking: MicroBlaze Print Size
mb-size sampler_app.elf  |tee "sampler_app.elf.size"
   text	   data	    bss	    dec	    hex	filename
  16924	    284	   3136	  20344	   4f78	sampler_app.elf
Finished building: sampler_app.elf.size
 

16:39:36 Build Finished (took 970ms)

