16:07:29 **** Incremental Build of configuration Debug for project debug_hw ****
make all 
Building file: ../src/main_sampler_test.cpp
Invoking: MicroBlaze g++ compiler
mb-g++ -Wall -O0 -g3 -c -fmessage-length=0 -MT"src/main_sampler_test.o" -I/home/connor/Documents/Programs/Vivado/4300/SHA-256-SoC/debug_workspace/debug_cpu/export/debug_cpu/sw/debug_cpu/standalone_domain/bspinclude/include -mno-xl-reorder -mlittle-endian -mcpu=v11.0 -mxl-soft-mul -Wl,--no-relax -ffunction-sections -fdata-sections -MMD -MP -MF"src/main_sampler_test.d" -MT"src/main_sampler_test.o" -o "src/main_sampler_test.o" "../src/main_sampler_test.cpp"
../src/main_sampler_test.cpp: In function 'int main()':
../src/main_sampler_test.cpp:7:17: warning: variable 'hash' set but not used [-Wunused-but-set-variable]
   volatile auto hash = SHA256("0123456789ABCDEFGHIJKLMNOPQRSTUVWXYZzyxwvutsrqponmlkjihgfedcba9876543210", 72);
                 ^~~~
Finished building: ../src/main_sampler_test.cpp
 
Building target: debug_hw.elf
Invoking: MicroBlaze g++ linker
mb-g++ -Wl,-T -Wl,../src/lscript.ld -L/home/connor/Documents/Programs/Vivado/4300/SHA-256-SoC/debug_workspace/debug_cpu/export/debug_cpu/sw/debug_cpu/standalone_domain/bsplib/lib -mlittle-endian -mcpu=v11.0 -mxl-soft-mul -Wl,--no-relax -Wl,--gc-sections -o "debug_hw.elf"  ./src/main_sampler_test.o   -Wl,--start-group,-lxil,-lgcc,-lc,-lstdc++,--end-group
Finished building target: debug_hw.elf
 
Invoking: MicroBlaze Print Size
mb-size debug_hw.elf  |tee "debug_hw.elf.size"
   text	   data	    bss	    dec	    hex	filename
   8408	    268	   3108	  11784	   2e08	debug_hw.elf
Finished building: debug_hw.elf.size
 

16:07:30 Build Finished (took 879ms)

