Nothing to build in platform 'debug_cpu'

13:57:28 **** Incremental Build of configuration Debug for project debug_hw ****
make all 
make: Nothing to be done for 'all'.
13:57:34 **** Clean-only build of project debug_cpu ****
buildplatform.sh 41713 debug_cpu clean 
xsct% XSDB Server Channel: tcfchan#14
Cleaning the BSP for domain  - standalone_domain
make -C microblaze_mcs_0_microblaze_I/libsrc/iomodule_v2_7/src -s clean 

make -C microblaze_mcs_0_microblaze_I/libsrc/uartlite_v3_3/src -s clean 

make -C microblaze_mcs_0_microblaze_I/libsrc/bram_v4_3/src -s clean 

make -C microblaze_mcs_0_microblaze_I/libsrc/standalone_v7_1/src -s clean 

make -C microblaze_mcs_0_microblaze_I/libsrc/cpu_v2_10/src -s clean 

rm -f microblaze_mcs_0_microblaze_I/lib/libxil.a

13:57:40 **** Clean-only build of configuration Debug for project debug_hw ****
make clean 
rm -rf  ./src/main_sampler_test.o  ./src/main_sampler_test.d  debug_hw.elf.size  debug_hw.elf
 
13:57:41 **** Build of project debug_cpu ****
buildplatform.sh 41713 debug_cpu  
XSDB Server Channel: tcfchan#15
Building the BSP Library for domain  - standalone_domain on processor microblaze_mcs_0_microblaze_I
Running Make include in microblaze_mcs_0_microblaze_I/libsrc/iomodule_v2_7/src

make -C microblaze_mcs_0_microblaze_I/libsrc/iomodule_v2_7/src -s include  "SHELL=/bin/sh" "COMPILER=mb-gcc" "ASSEMBLER=mb-as" 
"ARCHIVER=mb-ar" "COMPILER_FLAGS=  -O2 -c -mcpu=v11.0 -mlittle-endian -mno-xl-reorder -mxl-soft-mul" "EXTRA_COMPILER_FLAGS=-g -
ffunction-sections -fdata-sections -Wall -Wextra"

Running Make include in microblaze_mcs_0_microblaze_I/libsrc/uartlite_v3_3/src

make -C microblaze_mcs_0_microblaze_I/libsrc/uartlite_v3_3/src -s include  "SHELL=/bin/sh" "COMPILER=mb-gcc" "ASSEMBLER=mb-as" 
"ARCHIVER=mb-ar" "COMPILER_FLAGS=  -O2 -c -mcpu=v11.0 -mlittle-endian -mno-xl-reorder -mxl-soft-mul" "EXTRA_COMPILER_FLAGS=-g -
ffunction-sections -fdata-sections -Wall -Wextra"

Running Make include in microblaze_mcs_0_microblaze_I/libsrc/bram_v4_3/src

make -C microblaze_mcs_0_microblaze_I/libsrc/bram_v4_3/src -s include  "SHELL=/bin/sh" "COMPILER=mb-gcc" "ASSEMBLER=mb-as" "ARC
HIVER=mb-ar" "COMPILER_FLAGS=  -O2 -c -mcpu=v11.0 -mlittle-endian -mno-xl-reorder -mxl-soft-mul" "EXTRA_COMPILER_FLAGS=-g -ffun
ction-sections -fdata-sections -Wall -Wextra"

Running Make include in microblaze_mcs_0_microblaze_I/libsrc/standalone_v7_1/src

make -C microblaze_mcs_0_microblaze_I/libsrc/standalone_v7_1/src -s include  "SHELL=/bin/sh" "COMPILER=mb-gcc" "ASSEMBLER=mb-as
" "ARCHIVER=mb-ar" "COMPILER_FLAGS=  -O2 -c -mcpu=v11.0 -mlittle-endian -mno-xl-reorder -mxl-soft-mul" "EXTRA_COMPILER_FLAGS=-g
 -ffunction-sections -fdata-sections -Wall -Wextra"

Running Make include in microblaze_mcs_0_microblaze_I/libsrc/cpu_v2_10/src

make -C microblaze_mcs_0_microblaze_I/libsrc/cpu_v2_10/src -s include  "SHELL=/bin/sh" "COMPILER=mb-gcc" "ASSEMBLER=mb-as" "ARC
HIVER=mb-ar" "COMPILER_FLAGS=  -O2 -c -mcpu=v11.0 -mlittle-endian -mno-xl-reorder -mxl-soft-mul" "EXTRA_COMPILER_FLAGS=-g -ffun
ction-sections -fdata-sections -Wall -Wextra"

Running Make libs in microblaze_mcs_0_microblaze_I/libsrc/iomodule_v2_7/src

make -C microblaze_mcs_0_microblaze_I/libsrc/iomodule_v2_7/src -s libs  "SHELL=/bin/sh" "COMPILER=mb-gcc" "ASSEMBLER=mb-as" "AR
CHIVER=mb-ar" "COMPILER_FLAGS=  -O2 -c -mcpu=v11.0 -mlittle-endian -mno-xl-reorder -mxl-soft-mul" "EXTRA_COMPILER_FLAGS=-g -ffu
nction-sections -fdata-sections -Wall -Wextra"

Compiling iomodule

xiomodule.c: In function 'XIOModule_Initialize':
xiomodule.c:167:18: warning: comparison is always false due to limited range of data type [-Wtype-limits]
  for (Id = 0; Id < XPAR_IOMODULE_INTC_MAX_INTR_SIZE; Id++) {
                  ^
xiomodule.c:213:19: warning: comparison is always false due to limited range of data type [-Wtype-limits]
   for (Id = 0; Id < XPAR_IOMODULE_INTC_MAX_INTR_SIZE; Id++) {
                   ^
In file included from ../../../include/xstatus.h:49,
                 from xiomodule.h:261,
                 from xiomodule.c:57:
xiomodule.c: In function 'XIOModule_Connect':
xiomodule.c:350:23: warning: comparison is always false due to limited range of data type [-Wtype-limits]
  Xil_AssertNonvoid(Id < XPAR_IOMODULE_INTC_MAX_INTR_SIZE);
                       ^
../../../include/xil_assert.h:126:9: note: in definition of macro 'Xil_AssertNonvoid'
     if (Expression) {                              \
         ^~~~~~~~~~
xiomodule.c: In function 'XIOModule_Disconnect':
xiomodule.c:390:20: warning: comparison is always false due to limited range of data type [-Wtype-limits]
  Xil_AssertVoid(Id < XPAR_IOMODULE_INTC_MAX_INTR_SIZE);
                    ^
../../../include/xil_assert.h:101:9: note: in definition of macro 'Xil_AssertVoid'
     if (Expression) {                              \
         ^~~~~~~~~~
xiomodule.c: In function 'XIOModule_Enable':
xiomodule.c:440:20: warning: comparison is always false due to limited range of data type [-Wtype-limits]
  Xil_AssertVoid(Id < XPAR_IOMODULE_INTC_MAX_INTR_SIZE);
                    ^
../../../include/xil_assert.h:101:9: note: in definition of macro 'Xil_AssertVoid'
     if (Expression) {                              \
         ^~~~~~~~~~
xiomodule.c: In function 'XIOModule_Disable':
xiomodule.c:486:20: warning: comparison is always false due to limited range of data type [-Wtype-limits]
  Xil_AssertVoid(Id < XPAR_IOMODULE_INTC_MAX_INTR_SIZE);
                    ^
../../../include/xil_assert.h:101:9: note: in definition of macro 'Xil_AssertVoid'
     if (Expression) {                              \
         ^~~~~~~~~~
xiomodule.c: In function 'XIOModule_Acknowledge':
xiomodule.c:530:20: warning: comparison is always false due to limited range of data type [-Wtype-limits]
  Xil_AssertVoid(Id < XPAR_IOMODULE_INTC_MAX_INTR_SIZE);
                    ^
../../../include/xil_assert.h:101:9: note: in definition of macro 'Xil_AssertVoid'
     if (Expression) {                              \
         ^~~~~~~~~~
xiomodule.c: In function 'XIOModule_ConnectFastHandler':
xiomodule.c:635:23: warning: comparison is always false due to limited range of data type [-Wtype-limits]
  Xil_AssertNonvoid(Id < XPAR_IOMODULE_INTC_MAX_INTR_SIZE);
                       ^
../../../include/xil_assert.h:126:9: note: in definition of macro 'Xil_AssertNonvoid'
     if (Expression) {                              \
         ^~~~~~~~~~
xiomodule.c: In function 'XIOModule_SetNormalIntrMode':
xiomodule.c:717:20: warning: comparison is always false due to limited range of data type [-Wtype-limits]
  Xil_AssertVoid(Id < XPAR_IOMODULE_INTC_MAX_INTR_SIZE);
                    ^
../../../include/xil_assert.h:101:9: note: in definition of macro 'Xil_AssertVoid'
     if (Expression) {                              \
         ^~~~~~~~~~
xiomodule_l.c: In function 'XIOModule_DeviceInterruptHandler':
xiomodule_l.c:163:35: warning: comparison of unsigned expression < 0 is always false [-Wtype-limits]
  for (IntrNumber = 0U; IntrNumber < XPAR_IOMODULE_INTC_MAX_INTR_SIZE;
                                   ^
mb-ar: creating ../../../lib/libxil.a
Running Make libs in microblaze_mcs_0_microblaze_I/libsrc/uartlite_v3_3/src

make -C microblaze_mcs_0_microblaze_I/libsrc/uartlite_v3_3/src -s libs  "SHELL=/bin/sh" "COMPILER=mb-gcc" "ASSEMBLER=mb-as" "AR
CHIVER=mb-ar" "COMPILER_FLAGS=  -O2 -c -mcpu=v11.0 -mlittle-endian -mno-xl-reorder -mxl-soft-mul" "EXTRA_COMPILER_FLAGS=-g -ffu
nction-sections -fdata-sections -Wall -Wextra"

Compiling uartlite

Running Make libs in microblaze_mcs_0_microblaze_I/libsrc/bram_v4_3/src

make -C microblaze_mcs_0_microblaze_I/libsrc/bram_v4_3/src -s libs  "SHELL=/bin/sh" "COMPILER=mb-gcc" "ASSEMBLER=mb-as" "ARCHIV
ER=mb-ar" "COMPILER_FLAGS=  -O2 -c -mcpu=v11.0 -mlittle-endian -mno-xl-reorder -mxl-soft-mul" "EXTRA_COMPILER_FLAGS=-g -ffuncti
on-sections -fdata-sections -Wall -Wextra"

Compiling bram

Running Make libs in microblaze_mcs_0_microblaze_I/libsrc/standalone_v7_1/src

make -C microblaze_mcs_0_microblaze_I/libsrc/standalone_v7_1/src -s libs  "SHELL=/bin/sh" "COMPILER=mb-gcc" "ASSEMBLER=mb-as" "
ARCHIVER=mb-ar" "COMPILER_FLAGS=  -O2 -c -mcpu=v11.0 -mlittle-endian -mno-xl-reorder -mxl-soft-mul" "EXTRA_COMPILER_FLAGS=-g -f
function-sections -fdata-sections -Wall -Wextra"

Compiling standalone

microblaze_sleep.c:75:9: note: #pragma message: For the sleep routines, assembly instructions are used
 #pragma message ("For the sleep routines, assembly instructions are used")
         ^~~~~~~
Running Make libs in microblaze_mcs_0_microblaze_I/libsrc/cpu_v2_10/src

make -C microblaze_mcs_0_microblaze_I/libsrc/cpu_v2_10/src -s libs  "SHELL=/bin/sh" "COMPILER=mb-gcc" "ASSEMBLER=mb-as" "ARCHIV
ER=mb-ar" "COMPILER_FLAGS=  -O2 -c -mcpu=v11.0 -mlittle-endian -mno-xl-reorder -mxl-soft-mul" "EXTRA_COMPILER_FLAGS=-g -ffuncti
on-sections -fdata-sections -Wall -Wextra"

Compiling cpu

Finished building libraries

13:57:47 **** Build of configuration Debug for project debug_hw ****
make all 
Building file: ../src/main_sampler_test.cpp
Invoking: MicroBlaze g++ compiler
mb-g++ -Wall -O0 -g3 -c -fmessage-length=0 -MT"src/main_sampler_test.o" -I/home/connor/Documents/Programs/Vivado/4300/SHA-256-SoC/debug_workspace/debug_cpu/export/debug_cpu/sw/debug_cpu/standalone_domain/bspinclude/include -mno-xl-reorder -mlittle-endian -mcpu=v11.0 -mxl-soft-mul -Wl,--no-relax -ffunction-sections -fdata-sections -MMD -MP -MF"src/main_sampler_test.d" -MT"src/main_sampler_test.o" -o "src/main_sampler_test.o" "../src/main_sampler_test.cpp"
../src/main_sampler_test.cpp: In function 'int main()':
../src/main_sampler_test.cpp:6:17: warning: variable 'hash' set but not used [-Wunused-but-set-variable]
   volatile auto hash = SHA256("abc", 3);
                 ^~~~
Finished building: ../src/main_sampler_test.cpp
 
Building target: debug_hw.elf
Invoking: MicroBlaze g++ linker
mb-g++ -Wl,-T -Wl,../src/lscript.ld -L/home/connor/Documents/Programs/Vivado/4300/SHA-256-SoC/debug_workspace/debug_cpu/export/debug_cpu/sw/debug_cpu/standalone_domain/bsplib/lib -mlittle-endian -mcpu=v11.0 -mxl-soft-mul -Wl,--no-relax -Wl,--gc-sections -o "debug_hw.elf"  ./src/main_sampler_test.o   -Wl,--start-group,-lxil,-lgcc,-lc,-lstdc++,--end-group
Finished building target: debug_hw.elf
 
Invoking: MicroBlaze Print Size
mb-size debug_hw.elf  |tee "debug_hw.elf.size"
   text	   data	    bss	    dec	    hex	filename
   8336	    268	   3108	  11712	   2dc0	debug_hw.elf
Finished building: debug_hw.elf.size
 
13:57:51 **** Build of configuration Debug for project debug_hw_system ****
make all 
Skipping SD card image generation. Reason: The system project only has applications for microblaze processors.
